// Jest Snapshot v1, https://goo.gl/fbAQLP

exports[`features - esbuild should create valid stylesheet 1`] = `
"._1o6ek500 {
  height: 50px;
}
._1o6ek500:after {
  content: \\"Below 700px\\";
  display: block;
}
._1o6ek501 {
  background-color: #b0e0e6;
}
._1o6ek501:hover {
  background-color: #708090;
}
._1o6ek502 {
  background-color: #b0e0e6;
}
._1o6ek502:hover {
  background-color: #708090;
}
._1o6ek503 {
  background-color: #b0e0e6;
}
._1o6ek503:hover {
  background-color: #708090;
}
._1o6ek505 {
  color: #fff;
}
._1o6ek506 {
  background-color: #000;
}
body ._1o6ek507 {
  font-size: 24px;
}
._1o6ek508 {
  color: #fff;
}
._1o6ek509 {
  background-color: #000;
}
body ._1o6ek50a {
  font-size: 24px;
}
@media screen and (min-width: 700px) {
  ._1o6ek500 {
    color: plum;
  }
  ._1o6ek500:after {
    content: \\"Above 700px\\";
  }
}
"
`;

exports[`features - mini-css-extract should create valid stylesheet 1`] = `
"._87f2ru0 {
  height: 50px;
}
._87f2ru0:after {
  content: \\"Below 700px\\";
  display: block;
}
._87f2ru1 {
  background-color: #b0e0e6;
}
._87f2ru1:hover {
  background-color: #708090;
}
._87f2ru2 {
  background-color: #b0e0e6;
}
._87f2ru2:hover {
  background-color: #708090;
}
._87f2ru3 {
  background-color: #b0e0e6;
}
._87f2ru3:hover {
  background-color: #708090;
}
._87f2ru5 {
  color: #fff;
}
._87f2ru6 {
  background-color: #000;
}
body ._87f2ru7 {
  font-size: 24px;
}
._87f2ru8 {
  color: #fff;
}
._87f2ru9 {
  background-color: #000;
}
body ._87f2rua {
  font-size: 24px;
}
@media screen and (min-width: 700px) {
  ._87f2ru0 {
    color: plum;
  }
  ._87f2ru0:after {
    content: \\"Above 700px\\";
  }
}
"
`;

exports[`features - vite should create valid stylesheet 1`] = `
"._1o6ek500 {
  height: 50px;
}
._1o6ek500:after {
  content: \\"Below 700px\\";
  display: block;
}
._1o6ek501 {
  background-color: #b0e0e6;
}
._1o6ek501:hover {
  background-color: #708090;
}
._1o6ek502 {
  background-color: #b0e0e6;
}
._1o6ek502:hover {
  background-color: #708090;
}
._1o6ek503 {
  background-color: #b0e0e6;
}
._1o6ek503:hover {
  background-color: #708090;
}
._1o6ek505 {
  color: #fff;
}
._1o6ek506 {
  background-color: #000;
}
body ._1o6ek507 {
  font-size: 24px;
}
._1o6ek508 {
  color: #fff;
}
._1o6ek509 {
  background-color: #000;
}
body ._1o6ek50a {
  font-size: 24px;
}
@media screen and (min-width: 700px) {
  ._1o6ek500 {
    color: plum;
  }
  ._1o6ek500:after {
    content: \\"Above 700px\\";
  }
}
"
`;
