// Jest Snapshot v1, https://goo.gl/fbAQLP

exports[`escapeWebpackTemplateString() /some/path/[...slug].js pattern 1`] = `"/some/path/[...slug].js"`;

exports[`escapeWebpackTemplateString() /some/path/[[...slug]]/index.js pattern 1`] = `"/some/path/[[...slug]]/index.js"`;

exports[`escapeWebpackTemplateString() /some/path[]/[slug]/[[foo]]/index.js pattern 1`] = `"/some/path[]/[\\slug\\]/[[\\foo\\]]/index.js"`;
